[0mGET /posts/6a206818a6063f3c26786008 [32m200[0m 1270.033 ms - 11290[0m
[0mGET /work [36m304[0m 198.735 ms - -[0m
[0mPOST /posts/create [32m200[0m 259.188 ms - 314[0m
[0mGET /posts/6a2072ef4eed5ec2a6bf9943 [32m200[0m 287.994 ms - 9726[0m
[0mGET / [36m304[0m 89.329 ms - -[0m
[0mGET /images/home-img.png [33m404[0m 1066.420 ms - 158[0m
[0mGET /about/6a200fdbf7aa731c6e0ae581 [36m304[0m 1106.188 ms - -[0m
[0mGET /skills [36m304[0m 2522.742 ms - -[0m
[0mGET /contact [36m304[0m 94.451 ms - -[0m
[0mGET /work [32m200[0m 339.501 ms - 15306[0m
[0mGET /privateroom [36m304[0m 99.914 ms - -[0m
[0mGET /room [36m304[0m 87.199 ms - -[0m
[0mGET /userprofile [32m200[0m 96.340 ms - 11096[0m
[0mGET /skills [36m304[0m 97.259 ms - -[0m
[0mGET /work [36m304[0m 2195.513 ms - -[0m
[0mPOST /posts/create [32m200[0m 1323.042 ms - 403[0m
[0mGET /posts/6a2073760ff243ce2413452b [32m200[0m 314.401 ms - 10328[0m
[0mGET /likes/toggle/?id=6a2073760ff243ce2413452b&type=Post [32m200[0m 1270.508 ms - 76[0m
[0mGET / [36m304[0m 359.027 ms - -[0m
[0mGET /images/home-img.png [33m404[0m 230.789 ms - 158[0m
[0mGET /about/6a200fdbf7aa731c6e0ae581 [36m304[0m 1115.422 ms - -[0m
[0mGET /skills [36m304[0m 90.237 ms - -[0m
[0mGET /contact [36m304[0m 92.008 ms - -[0m
[0mGET / [36m304[0m 96.408 ms - -[0m
[0mGET /images/home-img.png [33m404[0m 1077.213 ms - 158[0m
[0mGET /work [32m200[0m 1219.707 ms - 17250[0m
[0mGET /privateroom [36m304[0m 90.354 ms - -[0m
[0mGET /userprofile [36m304[0m 89.181 ms - -[0m
[0mGET /skills [36m304[0m 1090.664 ms - -[0m
[0mGET /work [32m200[0m 189.436 ms - 14602[0m
[0mGET /privateroom [36m304[0m 89.676 ms - -[0m
[0mGET /work [36m304[0m 198.366 ms - -[0m
[0mGET / [36m304[0m 95.915 ms - -[0m
[0mGET /images/home-img.png [33m404[0m 91.550 ms - 158[0m
[0mGET /contact [36m304[0m 90.885 ms - -[0m
[0mGET / [36m304[0m 71.312 ms - -[0m
[0mGET /images/home-img.png [33m404[0m 75.213 ms - 158[0m
[0mGET /work [36m304[0m 183.716 ms - -[0m
[0mGET /posts/6a2013e61d6bb741761f25a2 [32m200[0m 1275.297 ms - 10279[0m
[0mGET /posts/6a2013e61d6bb741761f25a2 [32m200[0m 2085.083 ms - 5853[0m
[0mGET /posts/6a206818a6063f3c26786008 [0m-[0m - ms - -[0m
[0mGET /posts/6a2072ef4eed5ec2a6bf9943 [32m200[0m 258.970 ms - 5954[0m
[0mGET /posts/6a2073760ff243ce2413452b [32m200[0m 285.448 ms - 5977[0m
[0mGET /likes/toggle/?id=6a2073760ff243ce2413452b&type=Post [32m200[0m 273.020 ms - 79[0m
[0mGET /likes/toggle/?id=6a2073760ff243ce2413452b&type=Post [32m200[0m 2170.089 ms - 76[0m
[0mGET /work [32m200[0m 242.826 ms - 14598[0m
[0mGET /likes/toggle/?id=6a2013e61d6bb741761f25a2&type=Post [32m200[0m 750.200 ms - 76[0m
[0mGET /likes/toggle/?id=6a2013e61d6bb741761f25a2&type=Post [32m200[0m 227.564 ms - 79[0m
[0mGET /.well-known/appspecific/com.chrome.devtools.json [33m404[0m 94.499 ms - 187[0m
[0mGET /likes/toggle/?id=6a2013e61d6bb741761f25a2&type=Post [32m200[0m 238.293 ms - 76[0m
[0mGET /likes/toggle/?id=6a2013e61d6bb741761f25a2&type=Post [32m200[0m 2204.522 ms - 79[0m
[0mGET /work [32m200[0m 1576.499 ms - 14598[0m
[0mGET /.well-known/appspecific/com.chrome.devtools.json [33m404[0m 121.358 ms - 187[0m
[0mGET /likes/toggle/?id=6a2013e61d6bb741761f25a2&type=Post [32m200[0m 261.178 ms - 76[0m
[0mGET /likes/toggle/?id=6a2013e61d6bb741761f25a2&type=Post [32m200[0m 251.996 ms - 79[0m
[0mGET /posts/6a2013e61d6bb741761f25a2 [32m200[0m 1248.633 ms - 5852[0m
[0mGET /likes/toggle/?id=6a2013e61d6bb741761f25a2&type=Post [32m200[0m 1255.048 ms - 76[0m
[0mPOST /comments/create [32m200[0m 1255.632 ms - 261[0m
[0mGET /likes/toggle/?id=6a2075a8cf117fef50fab7cf&type=Comment [32m200[0m 266.045 ms - 76[0m
[0mGET /likes/toggle/?id=6a2075a8cf117fef50fab7cf&type=Comment [32m200[0m 272.674 ms - 79[0m
[0mGET /room/?room=asdaslkjdsa_1rr9e7a [32m200[0m 80.602 ms - 17969[0m
[0mGET /room/?room=asdaslkjdsa_1rr9e7a [32m200[0m 71.157 ms - 17942[0m
[0mGET /room/?room=asdaslkjdsa_1rr9e7a [32m200[0m 105.073 ms - 17969[0m
[0mGET /room/?room=asdaslkjdsa_1rr9e7a [32m200[0m 84.363 ms - 17942[0m
[0mGET /room/?room=asdaslkjdsa_1rr9e7a [32m200[0m 112.440 ms - 18085[0m
[0mGET /room/?room=asdaslkjdsa_1rr9e7a [32m200[0m 70.981 ms - 18129[0m
[0mGET / [32m200[0m 108.340 ms - 6414[0m
[0mGET /images/home-img.png [33m404[0m 1066.570 ms - 158[0m
[0mGET /signout [36m302[0m 114.519 ms - 58[0m
[0mGET /signin [32m200[0m 67.097 ms - 4940[0m
[0mGET / [36m302[0m 106.564 ms - 58[0m
[0mGET /signin [32m200[0m 46.429 ms - 4797[0m
[0mGET /users/auth/google [36m302[0m 38.231 ms - 0[0m
[0mGET /users/auth/google [36m302[0m 34.797 ms - 0[0m
[0mGET / [36m302[0m 55.999 ms - 58[0m
[0mGET /signin [36m304[0m 35.861 ms - -[0m
[0mGET /users/auth/google [36m302[0m 29.261 ms - 0[0m
[0mGET /users/auth/google/callback?iss=https%3A%2F%2Faccounts.google.com&code=4%2F0AeoWuM__vYQIhOzYEtIPTc29caFd7AGKc9AGPJp6b7tgziDrFGfK_pdQGuurEl4xh5kIdg&scope=email+profile+https%3A%2F%2Fwww.googleapis.com%2Fauth%2Fuserinfo.profile+openid+https%3A%2F%2Fwww.googleapis.com%2Fauth%2Fuserinfo.email&authuser=0&prompt=none [36m302[0m 3780.580 ms - 46[0m
[0mGET / [32m200[0m 79.389 ms - 6705[0m
[0mGET /images/home-img.png [33m404[0m 62.576 ms - 158[0m
[0mGET /room [32m200[0m 78.455 ms - 18213[0m
[0mGET /room/?room=frontend_1166ynk [32m200[0m 67.963 ms - 18213[0m
[0mPOST /api/run [32m200[0m 2354.130 ms - 33[0m
[0mGET / [32m200[0m 129.887 ms - 6414[0m
[0mGET /images/home-img.png [33m404[0m 1044.488 ms - 158[0m
[0mGET /signout [36m302[0m 163.551 ms - 58[0m
[0mGET /signin [32m200[0m 58.240 ms - 4940[0m
[0mGET / [32m200[0m 136.262 ms - 6414[0m
[0mGET /images/home-img.png [33m404[0m 351.866 ms - 158[0m
[0mGET / [36m304[0m 1072.662 ms - -[0m
[0mGET / [32m200[0m 70.855 ms - 6414[0m
[0mGET /images/home-img.png [33m404[0m 64.458 ms - 158[0m
[0mGET /room [32m200[0m 64.334 ms - 18213[0m
[0mGET /room/?room=sfdslkfdsl_10t8pyg [32m200[0m 73.052 ms - 18213[0m
[0mGET /room/?room=sfdslkfdsl_10t8pyg [36m302[0m 5.524 ms - 58[0m
[0mGET /signin [32m200[0m 54.952 ms - 4797[0m
[0mPOST /createsession [36m302[0m 141.558 ms - 46[0m
[0mGET / [32m200[0m 55.796 ms - 6678[0m
[0mGET /images/home-img.png [33m404[0m 1043.396 ms - 158[0m
[0mGET /room [32m200[0m 1056.668 ms - 18186[0m
[0mGET /room/?room=sfdslkfdsl_10t8pyg [32m200[0m 69.426 ms - 18186[0m
[0mGET /room/?room=sfdslkfdsl_10t8pyg [36m304[0m 67.551 ms - -[0m
[0mGET /room/?room=sfdslkfdsl_10t8pyg [36m304[0m 61.432 ms - -[0m
[0mGET /room/?room=sfdslkfdsl_10t8pyg [36m304[0m 115.268 ms - -[0m
